// Jest Snapshot v1, https://goo.gl/fbAQLP

exports[`OtherUserProfile Test OtherUserProfile Render Test 1`] = `
<View>
  <Modal
    animationType="slide"
    hardwareAccelerated={false}
    onRequestClose={[Function]}
    transparent={false}
    visible={false}
  >
    <View
      style={
        Object {
          "backgroundColor": "#EFECF4",
        }
      }
    >
      <View
        style={
          Object {
            "flexDirection": "row",
            "justifyContent": "space-between",
            "paddingHorizontal": 15,
            "paddingVertical": 5,
          }
        }
      >
        <View
          accessible={true}
          focusable={true}
          isTVSelectable={true}
          onClick={[Function]}
          onResponderGrant={[Function]}
          onResponderMove={[Function]}
          onResponderRelease={[Function]}
          onResponderTerminate={[Function]}
          onResponderTerminationRequest={[Function]}
          onStartShouldSetResponder={[Function]}
          style={null}
        >
          <Text
            allowFontScaling={false}
            style={
              Array [
                Object {
                  "color": undefined,
                  "fontSize": 24,
                },
                Object {
                  "paddingVertical": 3,
                },
                Object {
                  "fontFamily": "Ionicons",
                  "fontStyle": "normal",
                  "fontWeight": "normal",
                },
                Object {},
              ]
            }
          >
            Ôèè
          </Text>
        </View>
      </View>
      <View>
        <View
          styles={
            Object {
              "flex": 1,
            }
          }
        >
          <View
            style={
              Object {
                "paddingBottom": 10,
              }
            }
          >
            <View
              accessibilityIgnoresInvertColors={true}
              style={
                Object {
                  "alignItems": "center",
                  "borderColor": "#52575D",
                  "borderTopWidth": 1,
                }
              }
            >
              <Image
                source={
                  Object {
                    "testUri": "../../../assets/Default-profile-bg.jpg",
                  }
                }
                style={
                  Array [
                    Object {
                      "bottom": 0,
                      "left": 0,
                      "position": "absolute",
                      "right": 0,
                      "top": 0,
                    },
                    Object {
                      "height": undefined,
                      "width": undefined,
                    },
                    undefined,
                  ]
                }
              />
              <View
                style={
                  Object {
                    "paddingTop": 10,
                    "shadowColor": "#151734",
                    "shadowOpacity": 0.4,
                    "shadowRadius": 30,
                  }
                }
              >
                <Image
                  source={
                    Object {
                      "testUri": "../../../assets/tempAvatar.jpg",
                    }
                  }
                  style={
                    Object {
                      "borderColor": "#6495ED",
                      "borderRadius": 75,
                      "borderWidth": 5,
                      "height": 150,
                      "width": 150,
                    }
                  }
                />
              </View>
              <Text
                style={
                  Object {
                    "fontSize": 16,
                    "fontWeight": "bold",
                    "marginTop": 24,
                    "paddingBottom": 10,
                  }
                }
              >
                 
                 
              </Text>
            </View>
          </View>
          <View
            style={
              Object {
                "alignItems": "center",
                "justifyContent": "center",
              }
            }
          >
            <View
              accessible={true}
              focusable={true}
              isTVSelectable={true}
              onClick={[Function]}
              onResponderGrant={[Function]}
              onResponderMove={[Function]}
              onResponderRelease={[Function]}
              onResponderTerminate={[Function]}
              onResponderTerminationRequest={[Function]}
              onStartShouldSetResponder={[Function]}
              style={
                Object {
                  "backgroundColor": "white",
                  "borderColor": "black",
                  "borderRadius": 5,
                  "borderWidth": 1,
                  "height": 20,
                  "width": 70,
                }
              }
            >
              <Text
                style={
                  Object {
                    "textAlign": "center",
                  }
                }
              >
                Follow
              </Text>
            </View>
          </View>
          <View
            style={
              Object {
                "backgroundColor": "#FFF",
                "borderRadius": 5,
                "flexDirection": "row",
                "justifyContent": "space-between",
                "margin": 32,
                "marginVertical": 8,
                "padding": 8,
              }
            }
          >
            <View
              style={
                Object {
                  "alignItems": "center",
                  "flex": 1,
                }
              }
            >
              <Text
                style={
                  Object {
                    "color": "#52575D",
                    "fontFamily": "HelveticaNeue",
                    "fontSize": 18,
                  }
                }
              >
                 
                0
                 
              </Text>
              <Text
                style={
                  Object {
                    "color": "#AEB5BC",
                    "fontSize": 12,
                    "fontWeight": "500",
                    "marginTop": 4,
                    "textTransform": "uppercase",
                  }
                }
              >
                 Posts 
              </Text>
            </View>
            <View
              style={
                Array [
                  Object {
                    "alignItems": "center",
                    "flex": 1,
                  },
                  Object {
                    "borderColor": "#DFD8C8",
                    "borderLeftWidth": 1,
                    "borderRightWidth": 1,
                  },
                ]
              }
            >
              <Text
                style={
                  Object {
                    "color": "#52575D",
                    "fontFamily": "HelveticaNeue",
                    "fontSize": 18,
                  }
                }
              >
                 
                0
                 
              </Text>
              <Text
                style={
                  Object {
                    "color": "#AEB5BC",
                    "fontSize": 12,
                    "fontWeight": "500",
                    "marginTop": 4,
                    "textTransform": "uppercase",
                  }
                }
              >
                 Followers 
              </Text>
            </View>
            <View
              style={
                Object {
                  "alignItems": "center",
                  "flex": 1,
                }
              }
            >
              <Text
                style={
                  Object {
                    "color": "#52575D",
                    "fontFamily": "HelveticaNeue",
                    "fontSize": 18,
                  }
                }
              >
                 
                0
                 
              </Text>
              <Text
                style={
                  Object {
                    "color": "#AEB5BC",
                    "fontSize": 12,
                    "fontWeight": "500",
                    "marginTop": 4,
                    "textTransform": "uppercase",
                  }
                }
              >
                 Following 
              </Text>
            </View>
          </View>
        </View>
      </View>
    </View>
  </Modal>
  <View
    accessible={true}
    focusable={true}
    isTVSelectable={true}
    onClick={[Function]}
    onResponderGrant={[Function]}
    onResponderMove={[Function]}
    onResponderRelease={[Function]}
    onResponderTerminate={[Function]}
    onResponderTerminationRequest={[Function]}
    onStartShouldSetResponder={[Function]}
    style={null}
  >
    <Text
      style={
        Object {
          "paddingBottom": 2,
        }
      }
    />
  </View>
</View>
`;
