// Jest Snapshot v1, https://goo.gl/fbAQLP

exports[`ProfilePageScreen Test ProfilePageScreen Render Test 1`] = `
<View
  style={
    Object {
      "flex": 1,
    }
  }
>
  <RCTScrollView
    ListHeaderComponent={[Function]}
    data={Array []}
    disableVirtualization={false}
    getItem={[Function]}
    getItemCount={[Function]}
    horizontal={false}
    initialNumToRender={10}
    keyExtractor={[Function]}
    maxToRenderPerBatch={10}
    numColumns={1}
    onContentSizeChange={[Function]}
    onEndReachedThreshold={2}
    onLayout={[Function]}
    onMomentumScrollEnd={[Function]}
    onRefresh={[Function]}
    onScroll={[Function]}
    onScrollBeginDrag={[Function]}
    onScrollEndDrag={[Function]}
    refreshControl={
      <RefreshControlMock
        onRefresh={[Function]}
        refreshing={false}
      />
    }
    refreshing={false}
    removeClippedSubviews={false}
    renderItem={[Function]}
    scrollEventThrottle={50}
    showsVerticalScrollIndicator={false}
    stickyHeaderIndices={Array []}
    updateCellsBatchingPeriod={50}
    viewabilityConfigCallbackPairs={Array []}
    windowSize={21}
  >
    <RCTRefreshControl />
    <View>
      <View
        onLayout={[Function]}
      >
        <View
          style={
            Object {
              "backgroundColor": "#EFECF4",
            }
          }
        >
          <View
            style={
              Object {
                "alignSelf": "flex-end",
                "flexDirection": "row",
                "justifyContent": "space-between",
              }
            }
          >
            <View
              accessibilityRole="button"
              accessibilityStates={Array []}
              accessible={true}
              focusable={true}
              isTVSelectable={true}
              onClick={[Function]}
              onResponderGrant={[Function]}
              onResponderMove={[Function]}
              onResponderRelease={[Function]}
              onResponderTerminate={[Function]}
              onResponderTerminationRequest={[Function]}
              onStartShouldSetResponder={[Function]}
              style={
                Object {
                  "opacity": 1,
                }
              }
            >
              <View
                style={
                  Array [
                    Object {},
                  ]
                }
              >
                <Text
                  style={
                    Array [
                      Object {
                        "color": "#007AFF",
                        "fontSize": 18,
                        "padding": 8,
                        "textAlign": "center",
                      },
                      Object {
                        "color": "purple",
                      },
                    ]
                  }
                >
                  Change Color
                </Text>
              </View>
            </View>
            <Modal
              hardwareAccelerated={false}
              onRequestClose={[Function]}
              visible={false}
            >
              <View
                accessible={true}
                focusable={true}
                isTVSelectable={true}
                onClick={[Function]}
                onResponderGrant={[Function]}
                onResponderMove={[Function]}
                onResponderRelease={[Function]}
                onResponderTerminate={[Function]}
                onResponderTerminationRequest={[Function]}
                onStartShouldSetResponder={[Function]}
                style={
                  Object {
                    "alignItems": "center",
                    "flex": 1,
                    "justifyContent": "center",
                    "opacity": 1,
                  }
                }
              >
                <View
                  style={
                    Array [
                      Object {
                        "alignItems": "center",
                        "alignSelf": "center",
                        "backgroundColor": "white",
                        "borderRadius": 10,
                        "height": 100,
                        "paddingTop": 10,
                        "textAlign": "center",
                      },
                      Object {
                        "height": 1254,
                        "width": 670,
                      },
                    ]
                  }
                >
                  <RCTScrollView
                    style={
                      Object {
                        "width": "100%",
                      }
                    }
                  >
                    <View>
                      <View
                        accessible={true}
                        focusable={true}
                        isTVSelectable={true}
                        onClick={[Function]}
                        onResponderGrant={[Function]}
                        onResponderMove={[Function]}
                        onResponderRelease={[Function]}
                        onResponderTerminate={[Function]}
                        onResponderTerminationRequest={[Function]}
                        onStartShouldSetResponder={[Function]}
                        style={
                          Object {
                            "alignItems": "center",
                            "alignSelf": "stretch",
                            "backgroundColor": "white",
                            "opacity": 1,
                          }
                        }
                      >
                        <Text
                          style={
                            Object {
                              "fontSize": 16,
                              "fontWeight": "bold",
                              "margin": 5,
                            }
                          }
                        >
                          Red
                        </Text>
                        <View />
                      </View>
                      <View
                        accessible={true}
                        focusable={true}
                        isTVSelectable={true}
                        onClick={[Function]}
                        onResponderGrant={[Function]}
                        onResponderMove={[Function]}
                        onResponderRelease={[Function]}
                        onResponderTerminate={[Function]}
                        onResponderTerminationRequest={[Function]}
                        onStartShouldSetResponder={[Function]}
                        style={
                          Object {
                            "alignItems": "center",
                            "alignSelf": "stretch",
                            "backgroundColor": "white",
                            "opacity": 1,
                          }
                        }
                      >
                        <Text
                          style={
                            Object {
                              "fontSize": 16,
                              "fontWeight": "bold",
                              "margin": 5,
                            }
                          }
                        >
                          Blue
                        </Text>
                        <View />
                      </View>
                      <View
                        accessible={true}
                        focusable={true}
                        isTVSelectable={true}
                        onClick={[Function]}
                        onResponderGrant={[Function]}
                        onResponderMove={[Function]}
                        onResponderRelease={[Function]}
                        onResponderTerminate={[Function]}
                        onResponderTerminationRequest={[Function]}
                        onStartShouldSetResponder={[Function]}
                        style={
                          Object {
                            "alignItems": "center",
                            "alignSelf": "stretch",
                            "backgroundColor": "white",
                            "opacity": 1,
                          }
                        }
                      >
                        <Text
                          style={
                            Object {
                              "fontSize": 16,
                              "fontWeight": "bold",
                              "margin": 5,
                            }
                          }
                        >
                          Yellow
                        </Text>
                        <View />
                      </View>
                      <View
                        accessible={true}
                        focusable={true}
                        isTVSelectable={true}
                        onClick={[Function]}
                        onResponderGrant={[Function]}
                        onResponderMove={[Function]}
                        onResponderRelease={[Function]}
                        onResponderTerminate={[Function]}
                        onResponderTerminationRequest={[Function]}
                        onStartShouldSetResponder={[Function]}
                        style={
                          Object {
                            "alignItems": "center",
                            "alignSelf": "stretch",
                            "backgroundColor": "white",
                            "opacity": 1,
                          }
                        }
                      >
                        <Text
                          style={
                            Object {
                              "fontSize": 16,
                              "fontWeight": "bold",
                              "margin": 5,
                            }
                          }
                        >
                          Orange
                        </Text>
                        <View />
                      </View>
                      <View
                        accessible={true}
                        focusable={true}
                        isTVSelectable={true}
                        onClick={[Function]}
                        onResponderGrant={[Function]}
                        onResponderMove={[Function]}
                        onResponderRelease={[Function]}
                        onResponderTerminate={[Function]}
                        onResponderTerminationRequest={[Function]}
                        onStartShouldSetResponder={[Function]}
                        style={
                          Object {
                            "alignItems": "center",
                            "alignSelf": "stretch",
                            "backgroundColor": "white",
                            "opacity": 1,
                          }
                        }
                      >
                        <Text
                          style={
                            Object {
                              "fontSize": 16,
                              "fontWeight": "bold",
                              "margin": 5,
                            }
                          }
                        >
                          Green
                        </Text>
                        <View />
                      </View>
                      <View
                        accessible={true}
                        focusable={true}
                        isTVSelectable={true}
                        onClick={[Function]}
                        onResponderGrant={[Function]}
                        onResponderMove={[Function]}
                        onResponderRelease={[Function]}
                        onResponderTerminate={[Function]}
                        onResponderTerminationRequest={[Function]}
                        onStartShouldSetResponder={[Function]}
                        style={
                          Object {
                            "alignItems": "center",
                            "alignSelf": "stretch",
                            "backgroundColor": "white",
                            "opacity": 1,
                          }
                        }
                      >
                        <Text
                          style={
                            Object {
                              "fontSize": 16,
                              "fontWeight": "bold",
                              "margin": 5,
                            }
                          }
                        >
                          Gray
                        </Text>
                        <View />
                      </View>
                      <View
                        accessible={true}
                        focusable={true}
                        isTVSelectable={true}
                        onClick={[Function]}
                        onResponderGrant={[Function]}
                        onResponderMove={[Function]}
                        onResponderRelease={[Function]}
                        onResponderTerminate={[Function]}
                        onResponderTerminationRequest={[Function]}
                        onStartShouldSetResponder={[Function]}
                        style={
                          Object {
                            "alignItems": "center",
                            "alignSelf": "stretch",
                            "backgroundColor": "white",
                            "opacity": 1,
                          }
                        }
                      >
                        <Text
                          style={
                            Object {
                              "fontSize": 16,
                              "fontWeight": "bold",
                              "margin": 5,
                            }
                          }
                        >
                          Black
                        </Text>
                        <View />
                      </View>
                      <View
                        accessible={true}
                        focusable={true}
                        isTVSelectable={true}
                        onClick={[Function]}
                        onResponderGrant={[Function]}
                        onResponderMove={[Function]}
                        onResponderRelease={[Function]}
                        onResponderTerminate={[Function]}
                        onResponderTerminationRequest={[Function]}
                        onStartShouldSetResponder={[Function]}
                        style={
                          Object {
                            "alignItems": "center",
                            "alignSelf": "stretch",
                            "backgroundColor": "white",
                            "opacity": 1,
                          }
                        }
                      >
                        <Text
                          style={
                            Object {
                              "fontSize": 16,
                              "fontWeight": "bold",
                              "margin": 5,
                            }
                          }
                        >
                          Purple
                        </Text>
                        <View />
                      </View>
                      <View
                        accessible={true}
                        focusable={true}
                        isTVSelectable={true}
                        onClick={[Function]}
                        onResponderGrant={[Function]}
                        onResponderMove={[Function]}
                        onResponderRelease={[Function]}
                        onResponderTerminate={[Function]}
                        onResponderTerminationRequest={[Function]}
                        onStartShouldSetResponder={[Function]}
                        style={
                          Object {
                            "alignItems": "center",
                            "alignSelf": "stretch",
                            "backgroundColor": "white",
                            "opacity": 1,
                          }
                        }
                      >
                        <Text
                          style={
                            Object {
                              "fontSize": 16,
                              "fontWeight": "bold",
                              "margin": 5,
                            }
                          }
                        >
                          Pink
                        </Text>
                        <View />
                      </View>
                      <View
                        accessible={true}
                        focusable={true}
                        isTVSelectable={true}
                        onClick={[Function]}
                        onResponderGrant={[Function]}
                        onResponderMove={[Function]}
                        onResponderRelease={[Function]}
                        onResponderTerminate={[Function]}
                        onResponderTerminationRequest={[Function]}
                        onStartShouldSetResponder={[Function]}
                        style={
                          Object {
                            "alignItems": "center",
                            "alignSelf": "stretch",
                            "backgroundColor": "white",
                            "opacity": 1,
                          }
                        }
                      >
                        <Text
                          style={
                            Object {
                              "fontSize": 16,
                              "fontWeight": "bold",
                              "margin": 5,
                            }
                          }
                        >
                          Brown
                        </Text>
                        <View />
                      </View>
                      <View
                        accessible={true}
                        focusable={true}
                        isTVSelectable={true}
                        onClick={[Function]}
                        onResponderGrant={[Function]}
                        onResponderMove={[Function]}
                        onResponderRelease={[Function]}
                        onResponderTerminate={[Function]}
                        onResponderTerminationRequest={[Function]}
                        onStartShouldSetResponder={[Function]}
                        style={
                          Object {
                            "alignItems": "center",
                            "alignSelf": "stretch",
                            "backgroundColor": "white",
                            "opacity": 1,
                          }
                        }
                      >
                        <Text
                          style={
                            Object {
                              "fontSize": 16,
                              "fontWeight": "bold",
                              "margin": 5,
                            }
                          }
                        >
                          Navy
                        </Text>
                        <View />
                      </View>
                      <View
                        accessible={true}
                        focusable={true}
                        isTVSelectable={true}
                        onClick={[Function]}
                        onResponderGrant={[Function]}
                        onResponderMove={[Function]}
                        onResponderRelease={[Function]}
                        onResponderTerminate={[Function]}
                        onResponderTerminationRequest={[Function]}
                        onStartShouldSetResponder={[Function]}
                        style={
                          Object {
                            "alignItems": "center",
                            "alignSelf": "stretch",
                            "backgroundColor": "white",
                            "opacity": 1,
                          }
                        }
                      >
                        <Text
                          style={
                            Object {
                              "fontSize": 16,
                              "fontWeight": "bold",
                              "margin": 5,
                            }
                          }
                        >
                          Fuchsia
                        </Text>
                        <View />
                      </View>
                      <View
                        accessible={true}
                        focusable={true}
                        isTVSelectable={true}
                        onClick={[Function]}
                        onResponderGrant={[Function]}
                        onResponderMove={[Function]}
                        onResponderRelease={[Function]}
                        onResponderTerminate={[Function]}
                        onResponderTerminationRequest={[Function]}
                        onStartShouldSetResponder={[Function]}
                        style={
                          Object {
                            "alignItems": "center",
                            "alignSelf": "stretch",
                            "backgroundColor": "white",
                            "opacity": 1,
                          }
                        }
                      >
                        <Text
                          style={
                            Object {
                              "fontSize": 16,
                              "fontWeight": "bold",
                              "margin": 5,
                            }
                          }
                        >
                          Silver
                        </Text>
                      </View>
                    </View>
                  </RCTScrollView>
                  <View
                    accessible={true}
                    focusable={true}
                    isTVSelectable={true}
                    onClick={[Function]}
                    onResponderGrant={[Function]}
                    onResponderMove={[Function]}
                    onResponderRelease={[Function]}
                    onResponderTerminate={[Function]}
                    onResponderTerminationRequest={[Function]}
                    onStartShouldSetResponder={[Function]}
                    style={
                      Array [
                        Object {
                          "alignItems": "center",
                          "alignSelf": "stretch",
                          "backgroundColor": "white",
                          "borderRadius": 10,
                          "flex": 1,
                          "paddingVertical": 10,
                        },
                        Object {
                          "backgroundColor": "orange",
                        },
                      ]
                    }
                  >
                    <Text
                      style={
                        Object {
                          "fontSize": 16,
                          "fontWeight": "bold",
                          "margin": 5,
                        }
                      }
                    >
                      Choose color
                    </Text>
                  </View>
                </View>
              </View>
            </Modal>
            <View
              accessibilityRole="button"
              accessibilityStates={Array []}
              accessible={true}
              focusable={true}
              isTVSelectable={true}
              onClick={[Function]}
              onResponderGrant={[Function]}
              onResponderMove={[Function]}
              onResponderRelease={[Function]}
              onResponderTerminate={[Function]}
              onResponderTerminationRequest={[Function]}
              onStartShouldSetResponder={[Function]}
              style={
                Object {
                  "opacity": 1,
                }
              }
            >
              <View
                style={
                  Array [
                    Object {},
                  ]
                }
              >
                <Text
                  style={
                    Array [
                      Object {
                        "color": "#007AFF",
                        "fontSize": 18,
                        "padding": 8,
                        "textAlign": "center",
                      },
                      Object {
                        "color": "purple",
                      },
                    ]
                  }
                >
                  Logout
                </Text>
              </View>
            </View>
          </View>
          <View>
            <View
              styles={
                Object {
                  "flex": 1,
                }
              }
            >
              <View
                style={
                  Object {
                    "paddingBottom": 10,
                  }
                }
              >
                <View
                  accessibilityIgnoresInvertColors={true}
                  style={
                    Object {
                      "alignItems": "center",
                      "borderColor": "#52575D",
                      "borderTopWidth": 1,
                    }
                  }
                >
                  <Image
                    source={
                      Object {
                        "testUri": "../../../assets/Default-profile-bg.jpg",
                      }
                    }
                    style={
                      Array [
                        Object {
                          "bottom": 0,
                          "left": 0,
                          "position": "absolute",
                          "right": 0,
                          "top": 0,
                        },
                        Object {
                          "height": undefined,
                          "width": undefined,
                        },
                        undefined,
                      ]
                    }
                  />
                  <View
                    style={
                      Object {
                        "paddingTop": 10,
                        "shadowColor": "#151734",
                        "shadowOpacity": 0.4,
                        "shadowRadius": 30,
                      }
                    }
                  >
                    <Image
                      source={
                        Object {
                          "testUri": "../../../assets/tempAvatar.jpg",
                        }
                      }
                      style={
                        Object {
                          "borderColor": "#6495ED",
                          "borderRadius": 75,
                          "borderWidth": 5,
                          "height": 150,
                          "width": 150,
                        }
                      }
                    />
                  </View>
                  <Text
                    style={
                      Object {
                        "fontSize": 16,
                        "fontWeight": "bold",
                        "marginTop": 24,
                        "paddingBottom": 10,
                      }
                    }
                  >
                     
                     
                  </Text>
                </View>
              </View>
              <View
                style={
                  Object {
                    "backgroundColor": "#FFF",
                    "borderRadius": 5,
                    "flexDirection": "row",
                    "justifyContent": "space-between",
                    "margin": 32,
                    "marginVertical": 8,
                    "padding": 8,
                  }
                }
              >
                <View
                  style={
                    Object {
                      "alignItems": "center",
                      "flex": 1,
                    }
                  }
                >
                  <Text
                    style={
                      Object {
                        "color": "#52575D",
                        "fontFamily": "HelveticaNeue",
                        "fontSize": 18,
                      }
                    }
                  >
                     
                    0
                     
                  </Text>
                  <Text
                    style={
                      Object {
                        "color": "#AEB5BC",
                        "fontSize": 12,
                        "fontWeight": "500",
                        "marginTop": 4,
                        "textTransform": "uppercase",
                      }
                    }
                  >
                     Posts 
                  </Text>
                </View>
                <View
                  style={
                    Array [
                      Object {
                        "alignItems": "center",
                        "flex": 1,
                      },
                      Object {
                        "borderColor": "#DFD8C8",
                        "borderLeftWidth": 1,
                        "borderRightWidth": 1,
                      },
                    ]
                  }
                >
                  <Text
                    style={
                      Object {
                        "color": "#52575D",
                        "fontFamily": "HelveticaNeue",
                        "fontSize": 18,
                      }
                    }
                  >
                     
                    0
                     
                  </Text>
                  <Text
                    style={
                      Object {
                        "color": "#AEB5BC",
                        "fontSize": 12,
                        "fontWeight": "500",
                        "marginTop": 4,
                        "textTransform": "uppercase",
                      }
                    }
                  >
                     Followers 
                  </Text>
                </View>
                <View
                  style={
                    Object {
                      "alignItems": "center",
                      "flex": 1,
                    }
                  }
                >
                  <Text
                    style={
                      Object {
                        "color": "#52575D",
                        "fontFamily": "HelveticaNeue",
                        "fontSize": 18,
                      }
                    }
                  >
                     
                    0
                     
                  </Text>
                  <Text
                    style={
                      Object {
                        "color": "#AEB5BC",
                        "fontSize": 12,
                        "fontWeight": "500",
                        "marginTop": 4,
                        "textTransform": "uppercase",
                      }
                    }
                  >
                     Following 
                  </Text>
                </View>
              </View>
            </View>
          </View>
        </View>
      </View>
    </View>
  </RCTScrollView>
</View>
`;
