// Jest Snapshot v1, https://goo.gl/fbAQLP

exports[`FollowButton Test FollowButton Render Test 1`] = `
<View
  accessible={true}
  focusable={true}
  isTVSelectable={true}
  onClick={[Function]}
  onResponderGrant={[Function]}
  onResponderMove={[Function]}
  onResponderRelease={[Function]}
  onResponderTerminate={[Function]}
  onResponderTerminationRequest={[Function]}
  onStartShouldSetResponder={[Function]}
  style={
    Object {
      "backgroundColor": "white",
      "borderColor": "black",
      "borderRadius": 5,
      "borderWidth": 1,
      "height": 20,
      "width": 70,
    }
  }
>
  <Text
    style={
      Object {
        "textAlign": "center",
      }
    }
  >
    Follow
  </Text>
</View>
`;
