// Jest Snapshot v1, https://goo.gl/fbAQLP

exports[`LoginScreen Test LoginScreen Render Test 1`] = `
<View
  style={
    Object {
      "flex": 1,
    }
  }
>
  <RCTScrollView
    automaticallyAdjustContentInsets={false}
    contentInset={
      Object {
        "bottom": 0,
      }
    }
    enableAutomaticScroll={true}
    enableOnAndroid={false}
    enableResetScrollToCoords={true}
    extraHeight={75}
    extraScrollHeight={0}
    getScrollResponder={[Function]}
    handleOnScroll={[Function]}
    keyboardDismissMode="interactive"
    keyboardOpeningTime={250}
    keyboardSpace={0}
    onScroll={[Function]}
    resetKeyboardSpace={[Function]}
    resetScrollToCoords={
      Object {
        "x": 0,
        "y": 0,
      }
    }
    scrollEnabled={true}
    scrollEventThrottle={1}
    scrollForExtraHeightOnAndroid={[Function]}
    scrollIntoView={[Function]}
    scrollToEnd={[Function]}
    scrollToFocusedInput={[Function]}
    scrollToPosition={[Function]}
    showsVerticalScrollIndicator={true}
    update={[Function]}
    viewIsInsideTabBar={false}
  >
    <View>
      <Image
        source={
          Object {
            "testUri": "../../../assets/welcome_image.png",
          }
        }
        style={
          Object {
            "alignSelf": "center",
            "height": 120,
            "marginTop": 50,
            "width": 120,
          }
        }
      />
      <View
        style={
          Object {
            "alignItems": "center",
            "height": 72,
            "justifyContent": "center",
            "marginHorizontal": 30,
          }
        }
      />
      <View
        style={
          Object {
            "marginBottom": 48,
            "marginHorizontal": 30,
          }
        }
      >
        <View>
          <Text
            style={
              Object {
                "color": "#8A8F9E",
                "fontSize": 10,
                "textTransform": "uppercase",
              }
            }
          >
            Email Address
          </Text>
          <TextInput
            allowFontScaling={true}
            autoCapitalize="none"
            onChangeText={[Function]}
            rejectResponderTermination={true}
            style={
              Object {
                "borderBottomColor": "#8A8F9E",
                "borderBottomWidth": 0.5,
                "color": "#161F3D",
                "fontSize": 15,
                "height": 40,
              }
            }
            underlineColorAndroid="transparent"
            value=""
          />
        </View>
        <View
          style={
            Object {
              "marginTop": 32,
            }
          }
        >
          <View>
            <Text
              style={
                Object {
                  "color": "#8A8F9E",
                  "fontSize": 10,
                  "textTransform": "uppercase",
                }
              }
            >
              Password
            </Text>
            <TextInput
              allowFontScaling={true}
              autoCapitalize="none"
              onChangeText={[Function]}
              rejectResponderTermination={true}
              secureTextEntry={true}
              style={
                Object {
                  "borderBottomColor": "#8A8F9E",
                  "borderBottomWidth": 0.5,
                  "color": "#161F3D",
                  "fontSize": 15,
                  "height": 40,
                }
              }
              underlineColorAndroid="transparent"
              value=""
            />
          </View>
        </View>
      </View>
      <View
        accessible={true}
        focusable={true}
        isTVSelectable={true}
        onClick={[Function]}
        onResponderGrant={[Function]}
        onResponderMove={[Function]}
        onResponderRelease={[Function]}
        onResponderTerminate={[Function]}
        onResponderTerminationRequest={[Function]}
        onStartShouldSetResponder={[Function]}
        style={
          Object {
            "alignItems": "center",
            "backgroundColor": "purple",
            "borderRadius": 4,
            "height": 52,
            "justifyContent": "center",
            "marginHorizontal": 30,
            "opacity": 1,
          }
        }
      >
        <Text
          style={
            Object {
              "color": "#FFF",
              "fontWeight": "500",
            }
          }
        >
          Sign In
        </Text>
      </View>
      <View
        accessible={true}
        focusable={true}
        isTVSelectable={true}
        onClick={[Function]}
        onResponderGrant={[Function]}
        onResponderMove={[Function]}
        onResponderRelease={[Function]}
        onResponderTerminate={[Function]}
        onResponderTerminationRequest={[Function]}
        onStartShouldSetResponder={[Function]}
        style={
          Object {
            "alignSelf": "center",
            "marginTop": 32,
            "opacity": 1,
          }
        }
      >
        <Text
          style={
            Object {
              "color": "#414959",
              "fontSize": 13,
            }
          }
        >
          New to SnapTalk? 
          <Text
            style={
              Object {
                "color": "#59446A",
                "fontWeight": "500",
              }
            }
          >
            Sign Up
          </Text>
        </Text>
      </View>
    </View>
  </RCTScrollView>
</View>
`;
